[www.vasterad.com/themes/listeo_082019/index.html]
[backblue.gif]
[fade.gif]
[index.html]
[www.vasterad.com/themes/listeo_082019/css/main-color.css]
[www.vasterad.com/themes/listeo_082019/images/logo2.png]
[www.vasterad.com/themes/listeo_082019/css/style.css]
[www.vasterad.com/themes/listeo_082019/index-2-airbnb.html]
[www.vasterad.com/themes/listeo_082019/index-3.html]
[www.vasterad.com/themes/listeo_082019/index-4.html]
[www.vasterad.com/themes/listeo_082019/index-6.html]
[www.vasterad.com/themes/listeo_082019/index-5.html]
[www.vasterad.com/themes/listeo_082019/listings-list-with-sidebar.html]
[www.vasterad.com/themes/listeo_082019/listings-list-full-width.html]
[www.vasterad.com/themes/listeo_082019/listings-list-full-width-with-map.html]
[www.vasterad.com/themes/listeo_082019/listings-grid-with-sidebar-1.html]
[www.vasterad.com/themes/listeo_082019/listings-grid-with-sidebar-2.html]
[www.vasterad.com/themes/listeo_082019/listings-grid-full-width.html]
[www.vasterad.com/themes/listeo_082019/listings-grid-full-width-with-map.html]
[www.vasterad.com/themes/listeo_082019/listings-half-screen-map-list.html]
[www.vasterad.com/themes/listeo_082019/listings-half-screen-map-grid-1.html]
[www.vasterad.com/themes/listeo_082019/listings-half-screen-map-grid-2.html]
[www.vasterad.com/themes/listeo_082019/listings-single-page.html]
[www.vasterad.com/themes/listeo_082019/listings-single-page-2.html]
[www.vasterad.com/themes/listeo_082019/listings-single-page-3.html]
[www.vasterad.com/themes/listeo_082019/listings-half-screen-map-list-OpenStreetMap.html]
[www.vasterad.com/themes/listeo_082019/listings-half-screen-map-grid-1-OpenStreetMap.html]
[www.vasterad.com/themes/listeo_082019/listings-half-screen-map-grid-2-OpenStreetMap.html]
[www.vasterad.com/themes/listeo_082019/listings-list-full-width-with-map-OpenStreetMap.html]
[www.vasterad.com/themes/listeo_082019/listings-grid-full-width-with-map-OpenStreetMap.html]
[www.vasterad.com/themes/listeo_082019/listings-single-page-OpenStreetMap.html]
[www.vasterad.com/themes/listeo_082019/dashboard.html]
[www.vasterad.com/themes/listeo_082019/dashboard-messages.html]
[www.vasterad.com/themes/listeo_082019/dashboard-bookings.html]
[www.vasterad.com/themes/listeo_082019/dashboard-wallet.html]
[www.vasterad.com/themes/listeo_082019/dashboard-my-listings.html]
[www.vasterad.com/themes/listeo_082019/dashboard-reviews.html]
[www.vasterad.com/themes/listeo_082019/dashboard-bookmarks.html]
[www.vasterad.com/themes/listeo_082019/dashboard-add-listing.html]
[www.vasterad.com/themes/listeo_082019/dashboard-my-profile.html]
[www.vasterad.com/themes/listeo_082019/dashboard-invoice.html]
[www.vasterad.com/themes/listeo_082019/pages-user-profile.html]
[www.vasterad.com/themes/listeo_082019/pages-booking.html]
[www.vasterad.com/themes/listeo_082019/pages-blog.html]
[www.vasterad.com/themes/listeo_082019/pages-add-listing.html]
[www.vasterad.com/themes/listeo_082019/pages-contact.html]
[www.vasterad.com/themes/listeo_082019/pages-coming-soon.html]
[www.vasterad.com/themes/listeo_082019/pages-404.html]
[www.vasterad.com/themes/listeo_082019/pages-masonry-filtering.html]
[www.vasterad.com/themes/listeo_082019/pages-elements.html]
[www.vasterad.com/themes/listeo_082019/pages-pricing-tables.html]
[www.vasterad.com/themes/listeo_082019/pages-typography.html]
[www.vasterad.com/themes/listeo_082019/images/dashboard-avatar.jpg]
[www.vasterad.com/themes/listeo_082019/images/main-search-background-01.jpg]
[www.vasterad.com/themes/listeo_082019/pages-icons.html]
[www.vasterad.com/themes/listeo_082019/images/listing-item-01.jpg]
[www.vasterad.com/themes/listeo_082019/images/listing-item-02.jpg]
[www.vasterad.com/themes/listeo_082019/images/listing-item-03.jpg]
[www.vasterad.com/themes/listeo_082019/images/listing-item-04.jpg]
[www.vasterad.com/themes/listeo_082019/images/listing-item-05.jpg]
[www.vasterad.com/themes/listeo_082019/images/listing-item-06.jpg]
[www.vasterad.com/themes/listeo_082019/images/happy-client-01.jpg]
[www.vasterad.com/themes/listeo_082019/images/happy-client-02.jpg]
[www.vasterad.com/themes/listeo_082019/images/happy-client-03.jpg]
[www.vasterad.com/themes/listeo_082019/pages-blog-post.html]
[www.vasterad.com/themes/listeo_082019/images/blog-compact-post-01.jpg]
[www.vasterad.com/themes/listeo_082019/images/blog-compact-post-02.jpg]
[www.vasterad.com/themes/listeo_082019/images/blog-compact-post-03.jpg]
[www.vasterad.com/themes/listeo_082019/images/logo.png]
[www.vasterad.com/cdn-cgi/scripts/5c5dd728/cloudflare-static/email-decode.min.js]
[www.vasterad.com/themes/listeo_082019/scripts/jquery-migrate-3.1.0.min.js]
[www.vasterad.com/themes/listeo_082019/scripts/mmenu.min.js]
[www.vasterad.com/themes/listeo_082019/scripts/chosen.min.js]
[www.vasterad.com/themes/listeo_082019/scripts/jquery-3.4.1.min.js]
[www.vasterad.com/themes/listeo_082019/scripts/rangeslider.min.js]
[www.vasterad.com/themes/listeo_082019/scripts/slick.min.js]
[www.vasterad.com/themes/listeo_082019/scripts/magnific-popup.min.js]
[www.vasterad.com/themes/listeo_082019/scripts/waypoints.min.js]
[www.vasterad.com/themes/listeo_082019/scripts/counterup.min.js]
[www.vasterad.com/themes/listeo_082019/scripts/jquery-ui.min.js]
[www.vasterad.com/themes/listeo_082019/scripts/tooltips.min.js]
[www.vasterad.com/themes/listeo_082019/scripts/custom.js]
[www.vasterad.com/themes/listeo_082019/scripts/leaflet-markercluster.min.js]
[www.vasterad.com/themes/listeo_082019/scripts/leaflet-gesture-handling.min.js]
[www.vasterad.com/themes/listeo_082019/scripts/leaflet-listeo.js]
[www.vasterad.com/themes/listeo_082019/scripts/leaflet-autocomplete.js]
[www.vasterad.com/themes/listeo_082019/index.html]
[www.vasterad.com/themes/listeo_082019/scripts/switcher.js]
[www.vasterad.com/themes/listeo_082019/scripts/leaflet.min.js]
[www.vasterad.com/themes/listeo_082019/scripts/leaflet-control-geocoder.js]
[www.vasterad.com/themes/listeo_082019/scripts/typed.js]
[www.vasterad.com/themes/listeo_082019/css/icons.css]
[www.vasterad.com/themes/listeo_082019/css/plugins/revolutionslider.css]
[www.vasterad.com/themes/listeo_082019/css/bootstrap-grid.css]
[www.vasterad.com/themes/listeo_082019/fonts/fontello.eot]
[www.vasterad.com/themes/listeo_082019/fonts/fontello.woff]
[www.vasterad.com/themes/listeo_082019/images/plus-icon.svg]
[www.vasterad.com/themes/listeo_082019/fonts/fontello.ttf]
[www.vasterad.com/themes/listeo_082019/fonts/fontello.svg]
[www.vasterad.com/themes/listeo_082019/css/images/layers.png]
[www.vasterad.com/themes/listeo_082019/css/images/layers-2x.png]
[www.vasterad.com/themes/listeo_082019/css/images/marker-icon.png]
[www.vasterad.com/themes/listeo_082019/css/images/geocoder.png]
[www.vasterad.com/themes/listeo_082019/css/images/throbber.gif]
[i.imgur.com/YaiaYGw.png]
[www.vasterad.com/themes/listeo_082019/css/style.css]
[www.vasterad.com/themes/listeo_082019/css/main-color.css]
[www.vasterad.com/themes/listeo_082019/images/listeo_bg3.jpg]
[www.vasterad.com/themes/listeo_082019/images/popular-location-01.jpg]
[www.vasterad.com/themes/listeo_082019/images/popular-location-02.jpg]
[www.vasterad.com/themes/listeo_082019/images/popular-location-03.jpg]
[www.vasterad.com/themes/listeo_082019/images/popular-location-04.jpg]
[www.vasterad.com/themes/listeo_082019/images/popular-location-05.jpg]
[www.vasterad.com/themes/listeo_082019/scripts/moment.min.js]
[www.vasterad.com/themes/listeo_082019/scripts/daterangepicker.js]
[www.vasterad.com/themes/listeo_082019/index-2-airbnb.html]
[www.vasterad.com/themes/listeo_082019/images/category-box-01.jpg]
[www.vasterad.com/themes/listeo_082019/images/category-box-03.jpg]
[www.vasterad.com/themes/listeo_082019/images/category-box-04.jpg]
[www.vasterad.com/themes/listeo_082019/images/category-box-05.jpg]
[www.vasterad.com/themes/listeo_082019/images/category-box-06.jpg]
[www.vasterad.com/themes/listeo_082019/index-3.html]
[www.vasterad.com/themes/listeo_082019/images/slider-bg-02.jpg]
[www.vasterad.com/themes/listeo_082019/scripts/infobox.min.js]
[www.vasterad.com/themes/listeo_082019/scripts/markerclusterer.js]
[www.vasterad.com/themes/listeo_082019/scripts/maps.js]
[www.vasterad.com/themes/listeo_082019/index-4.html]
[www.vasterad.com/themes/listeo_082019/images/main-search-video-poster.jpg]
[www.vasterad.com/themes/listeo_082019/images/main-search-video.mp4]
[www.vasterad.com/themes/listeo_082019/index-5.html]
[www.vasterad.com/themes/listeo_082019/images/slider-bg-01.jpg]
[www.vasterad.com/themes/listeo_082019/images/logo-01.png]
[www.vasterad.com/themes/listeo_082019/images/logo-02.png]
[www.vasterad.com/themes/listeo_082019/images/logo-03.png]
[www.vasterad.com/themes/listeo_082019/images/logo-04.png]
[www.vasterad.com/themes/listeo_082019/images/logo-05.png]
[www.vasterad.com/themes/listeo_082019/images/logo-06.png]
[www.vasterad.com/themes/listeo_082019/images/logo-07.png]
[www.vasterad.com/themes/listeo_082019/scripts/themepunch.revolution.min.js]
[www.vasterad.com/themes/listeo_082019/scripts/themepunch.tools.min.js]
[www.vasterad.com/themes/listeo_082019/scripts/extensions/revolution.extension.actions.min.js]
[www.vasterad.com/themes/listeo_082019/scripts/extensions/revolution.extension.carousel.min.js]
[www.vasterad.com/themes/listeo_082019/scripts/extensions/revolution.extension.kenburn.min.js]
[www.vasterad.com/themes/listeo_082019/scripts/extensions/revolution.extension.migration.min.js]
[www.vasterad.com/themes/listeo_082019/scripts/extensions/revolution.extension.layeranimation.min.js]
[www.vasterad.com/themes/listeo_082019/scripts/extensions/revolution.extension.parallax.min.js]
[www.vasterad.com/themes/listeo_082019/scripts/extensions/revolution.extension.navigation.min.js]
[www.vasterad.com/themes/listeo_082019/scripts/extensions/revolution.extension.slideanims.min.js]
[www.vasterad.com/themes/listeo_082019/index-6.html]
[www.vasterad.com/themes/listeo_082019/listings-list-with-sidebar.html]
[www.vasterad.com/themes/listeo_082019/listings-list-full-width.html]
[www.vasterad.com/themes/listeo_082019/listings-list-full-width-with-map.html]
[www.vasterad.com/themes/listeo_082019/listings-grid-with-sidebar-1.html]
[www.vasterad.com/themes/listeo_082019/listings-grid-with-sidebar-2.html]
[www.vasterad.com/themes/listeo_082019/listings-grid-full-width.html]
[www.vasterad.com/themes/listeo_082019/listings-grid-full-width-with-map.html]
[www.vasterad.com/themes/listeo_082019/listings-half-screen-map-list.html]
[www.vasterad.com/themes/listeo_082019/listings-half-screen-map-grid-1.html]
[www.vasterad.com/themes/listeo_082019/listings-half-screen-map-grid-2.html]
[www.vasterad.com/themes/listeo_082019/scripts/extensions/revolution.extension.video.min.js]
[www.vasterad.com/themes/listeo_082019/images/single-listing-01.jpg]
[www.vasterad.com/themes/listeo_082019/images/single-listing-02.jpg]
[www.vasterad.com/themes/listeo_082019/images/single-listing-03.jpg]
[www.vasterad.com/themes/listeo_082019/images/single-listing-04.jpg]
[www.vasterad.com/themes/listeo_082019/images/review-image-01.jpg]
[www.vasterad.com/themes/listeo_082019/images/review-image-02.jpg]
[www.vasterad.com/themes/listeo_082019/images/review-image-03.jpg]
[www.vasterad.com/themes/listeo_082019/listings-single-page.html]
[www.vasterad.com/themes/listeo_082019/scripts/quantityButtons.js]
[www.vasterad.com/themes/listeo_082019/images/single-listing-02a.jpg]
[www.vasterad.com/themes/listeo_082019/images/single-listing-01a.jpg]
[www.vasterad.com/themes/listeo_082019/images/single-listing-03a.jpg]
[www.vasterad.com/themes/listeo_082019/images/single-listing-04a.jpg]
[www.vasterad.com/themes/listeo_082019/listings-single-page-2.html]
[www.vasterad.com/themes/listeo_082019/images/single-listing-05a.jpg]
[www.vasterad.com/themes/listeo_082019/images/single-listing-05b.jpg]
[www.vasterad.com/themes/listeo_082019/images/single-listing-05c.jpg]
[www.vasterad.com/themes/listeo_082019/images/single-listing-05d.jpg]
[www.vasterad.com/themes/listeo_082019/listings-single-page-3.html]
[www.vasterad.com/themes/listeo_082019/listings-half-screen-map-list-OpenStreetMap.html]
[www.vasterad.com/themes/listeo_082019/listings-half-screen-map-grid-1-OpenStreetMap.html]
[www.vasterad.com/themes/listeo_082019/listings-half-screen-map-grid-2-OpenStreetMap.html]
[www.vasterad.com/themes/listeo_082019/listings-list-full-width-with-map-OpenStreetMap.html]
[www.vasterad.com/themes/listeo_082019/listings-grid-full-width-with-map-OpenStreetMap.html]
[www.vasterad.com/themes/listeo_082019/listings-single-page-OpenStreetMap.html]
[www.vasterad.com/themes/listeo_082019/dashboard.html]
[www.vasterad.com/themes/listeo_082019/dashboard-messages-conversation.html]
[www.vasterad.com/themes/listeo_082019/dashboard-messages.html]
[www.vasterad.com/themes/listeo_082019/dashboard-bookings.html]
[www.vasterad.com/themes/listeo_082019/dashboard-wallet.html]
[www.vasterad.com/themes/listeo_082019/dashboard-my-listings.html]
[www.vasterad.com/themes/listeo_082019/images/reviews-avatar.jpg]
[www.vasterad.com/themes/listeo_082019/dashboard-reviews.html]
[www.vasterad.com/themes/listeo_082019/dashboard-bookmarks.html]
[www.vasterad.com/themes/listeo_082019/scripts/dropzone.js]
[www.vasterad.com/themes/listeo_082019/dashboard-add-listing.html]
[www.vasterad.com/themes/listeo_082019/images/user-avatar.jpg]
[www.vasterad.com/themes/listeo_082019/dashboard-my-profile.html]
[www.vasterad.com/themes/listeo_082019/dashboard-invoice.html]
[www.vasterad.com/themes/listeo_082019/css/invoice.css]
[www.vasterad.com/themes/listeo_082019/images/user-profile-avatar.jpg]
[www.vasterad.com/themes/listeo_082019/pages-user-profile.html]
[i.imgur.com/ApBxkXU.png]
[i.imgur.com/IHEKLgm.png]
[www.vasterad.com/themes/listeo_082019/pages-booking.html]
[www.vasterad.com/themes/listeo_082019/pages-add-listing.html]
[www.vasterad.com/themes/listeo_082019/pages-booking-confirmation.html]
[www.vasterad.com/themes/listeo_082019/images/blog-post-01.jpg]
[www.vasterad.com/themes/listeo_082019/images/blog-post-02.jpg]
[www.vasterad.com/themes/listeo_082019/pages-pages-blog-post.html]
[www.vasterad.com/themes/listeo_082019/images/blog-post-03.jpg]
[www.vasterad.com/themes/listeo_082019/images/blog-widget-03.jpg]
[www.vasterad.com/themes/listeo_082019/images/blog-widget-02.jpg]
[www.vasterad.com/themes/listeo_082019/images/blog-widget-01.jpg]
[www.vasterad.com/themes/listeo_082019/pages-blog.html]
[www.vasterad.com/themes/listeo_082019/images/our-office.jpg]
[www.vasterad.com/themes/listeo_082019/pages-contact.html]
[www.vasterad.com/themes/listeo_082019/pages-coming-soon.html]
[www.vasterad.com/themes/listeo_082019/pages-404.html]
[www.vasterad.com/themes/listeo_082019/scripts/jquery.countdown.min.js]
[www.vasterad.com/themes/listeo_082019/pages-masonry-filtering.html]
[www.vasterad.com/themes/listeo_082019/pages-elements.html]
[www.vasterad.com/themes/listeo_082019/pages-pricing-tables.html]
[www.vasterad.com/themes/listeo_082019/pages-typography.html]
[www.vasterad.com/themes/listeo_082019/scripts/isotope.min.js]
[www.vasterad.com/themes/listeo_082019/pages-icons.html]
[www.vasterad.com/themes/listeo_082019/pages-blog-post.html]
[www.vasterad.com/themes/listeo_082019/css/bootstrap-grid.css]
[www.vasterad.com/themes/listeo_082019/fonts/fontawesome-webfont5b62.html]
[www.vasterad.com/themes/listeo_082019/fonts/fontawesome-webfont5b62.woff]
[www.vasterad.com/themes/listeo_082019/fonts/fontawesome-webfont5b62.eot]
[www.vasterad.com/themes/listeo_082019/fonts/fontawesome-webfontd41d.eot]
[www.vasterad.com/themes/listeo_082019/fonts/fontawesome-webfont5b62.ttf]
[www.vasterad.com/themes/listeo_082019/fonts/fontawesome-webfont5b62.svg]
[www.vasterad.com/themes/listeo_082019/fonts/simple-line-iconsc05f.ttf]
[www.vasterad.com/themes/listeo_082019/fonts/simple-line-iconsc05f.eot]
[www.vasterad.com/themes/listeo_082019/fonts/simple-line-iconsc05f.woff]
[www.vasterad.com/themes/listeo_082019/fonts/simple-line-iconsc05f.svg]
[www.vasterad.com/themes/listeo_082019/fonts/iconsmindca27.eot]
[www.vasterad.com/themes/listeo_082019/fonts/iconsmindca27.ttf]
[www.vasterad.com/themes/listeo_082019/fonts/iconsmindd41d.eot]
[www.vasterad.com/themes/listeo_082019/fonts/iconsmindca27.woff]
[www.vasterad.com/themes/listeo_082019/css/icons.css]
[www.vasterad.com/themes/listeo_082019/css/plugins/openhand.be.delayed]
[www.vasterad.com/themes/listeo_082019/css/plugins/closedhand.cur]
[www.vasterad.com/themes/listeo_082019/css/assets/gridtile.png]
[www.vasterad.com/themes/listeo_082019/css/assets/gridtile_white.png]
[www.vasterad.com/themes/listeo_082019/css/assets/gridtile_3x3.png]
[www.vasterad.com/themes/listeo_082019/css/assets/gridtile_3x3_white.png]
[www.vasterad.com/themes/listeo_082019/css/assets/coloredbg.png]
[www.vasterad.com/themes/listeo_082019/css/img/loading.gif]
[www.vasterad.com/themes/listeo_082019/css/plugins/revolutionslider.css]
[www.vasterad.com/themes/listeo_082019/images/plus-icon.svg]
[www.vasterad.com/themes/listeo_082019/fonts/fontello.svg]
[www.vasterad.com/themes/listeo_082019/css/images/layers.html]
[www.vasterad.com/themes/listeo_082019/css/images/layers-2x.html]
[www.vasterad.com/themes/listeo_082019/css/images/marker-icon.html]
[www.vasterad.com/themes/listeo_082019/css/images/geocoder.html]
[www.vasterad.com/themes/listeo_082019/css/images/throbber.html]
[www.vasterad.com/themes/listeo_082019/fonts/iconsmindca27.svg]
[www.vasterad.com/themes/listeo_082019/dashboard-messages-conversation.html]
[www.vasterad.com/themes/listeo_082019/css/invoice.css]
[www.vasterad.com/themes/listeo_082019/pages-booking-confirmation.html]
[www.vasterad.com/themes/listeo_082019/pages-pages-blog-post.html]
[www.vasterad.com/themes/listeo_082019/fonts/fontawesome-webfont5b62.html]
[www.vasterad.com/themes/listeo_082019/fonts/fontawesome-webfont5b62.svg]
[www.vasterad.com/themes/listeo_082019/fonts/simple-line-iconsc05f.svg]
[www.vasterad.com/themes/listeo_082019/fonts/iconsmindca27.svg]
[www.vasterad.com/themes/listeo_082019/css/plugins/openhand.html]
[www.vasterad.com/themes/listeo_082019/css/plugins/closedhand.html]
[www.vasterad.com/themes/listeo_082019/css/assets/gridtile.html]
[www.vasterad.com/themes/listeo_082019/css/assets/gridtile_white.html]
[www.vasterad.com/themes/listeo_082019/css/assets/gridtile_3x3.html]
[www.vasterad.com/themes/listeo_082019/css/assets/gridtile_3x3_white.html]
[www.vasterad.com/themes/listeo_082019/css/assets/coloredbg.html]
[www.vasterad.com/themes/listeo_082019/css/img/loading.html]
[localhost/listeo_html/images/single-listing-01.jpg]
